[21:08:57.053] 全局热键 Ctrl+Shift+O 已注册
[21:13:32.692] 全局热键 Ctrl+Shift+O 已注册
[21:22:48.536] 全局热键 Ctrl+Shift+O 已注册
[21:25:46.979] 全局热键 Ctrl+Shift+O 已注册
[21:31:03.804] 全局热键 Ctrl+Shift+O 已注册
[21:35:48.514] 全局热键 Ctrl+Shift+O 已注册
[21:39:59.961] 全局热键 Ctrl+Shift+O 已注册
[21:43:06.686] 全局热键 Ctrl+Shift+O 已注册
[21:44:08.594] 进入壁纸模式
[21:44:08.673] 扩展样式设置完成 ex=0x80800A0
[21:46:26.869] 全局热键 Ctrl+Shift+O 已注册
[22:03:22.711] 全局热键 Ctrl+Shift+O 已注册
[22:08:37.504] 全局热键 Ctrl+Shift+O 注册失败（可能被占用）
[22:09:55.982] 全局热键 Ctrl+Shift+O 注册失败（可能被占用）
[15:24:53.458] 全局热键 Ctrl+Shift+O 已注册
[15:31:38.655] 全局热键 Ctrl+Shift+O 已注册
[15:35:46.688] 全局热键 Ctrl+Shift+O 已注册
[15:38:40.718] 全局热键 Ctrl+Shift+O 注册失败（可能被占用）
[15:40:04.968] 全局热键 Ctrl+Shift+O 注册失败（可能被占用）
[15:49:59.233] 全局热键 Ctrl+Shift+O 注册失败（可能被占用）
[15:52:43.952] 全局热键 Ctrl+Shift+O 注册失败（可能被占用）
[16:00:11.128] 全局热键 Ctrl+Shift+O 注册失败（可能被占用）
[16:02:03.548] 全局热键 Ctrl+Shift+O 注册失败（可能被占用）
[16:08:08.256] 全局热键 Ctrl+Shift+O 注册失败（可能被占用）
[16:09:02.149] 全局热键 Ctrl+Shift+O 注册失败（可能被占用）
[16:09:46.567] 进入壁纸模式
[16:09:46.677] 扩展样式设置完成 ex=0x80800A0
[16:11:39.430] 全局热键 Ctrl+Shift+O 注册失败（可能被占用）
[16:11:56.358] 进入壁纸模式
[16:11:56.448] 扩展样式设置完成 ex=0x80800A0
[16:14:02.154] 全局热键 Ctrl+Shift+O 注册失败（可能被占用）
[16:14:19.052] 进入壁纸模式
[16:14:19.131] 扩展样式设置完成 ex=0x80800A0
[19:35:02.605] 全局热键 Ctrl+Shift+O 已注册
[19:52:16.350] 全局热键 Ctrl+Shift+O 已注册
[19:57:43.186] 全局热键 Ctrl+Shift+O 已注册
[20:00:23.364] 全局热键 Ctrl+Shift+O 已注册
[20:05:09.638] 全局热键 Ctrl+Shift+O 已注册
[20:08:28.161] 全局热键 Ctrl+Shift+O 已注册
[20:12:32.635] 全局热键 Ctrl+Shift+O 已注册
[20:16:42.901] 全局热键 Ctrl+Shift+O 已注册
[20:21:17.622] 全局热键 Ctrl+Shift+O 已注册
[20:25:15.257] 全局热键 Ctrl+Shift+O 已注册
[20:28:15.703] 全局热键 Ctrl+Shift+O 已注册
[20:35:32.963] 全局热键 Ctrl+Shift+O 已注册
[20:43:03.309] 全局热键 Ctrl+Shift+O 已注册
[20:47:12.154] 全局热键 Ctrl+Shift+O 已注册
[20:49:53.950] 全局热键 Ctrl+Shift+O 已注册
[20:54:54.816] 全局热键 Ctrl+Shift+O 已注册
[21:02:47.716] 全局热键 Ctrl+Shift+O 已注册
[21:06:10.591] 全局热键 Ctrl+Shift+O 已注册
[21:09:41.656] 全局热键 Ctrl+Shift+O 已注册
[21:11:24.132] 进入壁纸模式
[21:11:24.228] 扩展样式设置完成 ex=0x80800A0
[21:15:19.522] 全局热键 Ctrl+Shift+O 已注册
[21:16:55.374] 进入壁纸模式
[21:16:55.527] 扩展样式设置完成 ex=0x80800A0
[21:19:37.444] 全局热键 Ctrl+Shift+O 已注册
[21:21:02.308] 进入壁纸模式
[21:21:02.392] 扩展样式设置完成 ex=0x80800A0
[21:24:12.217] 全局热键 Ctrl+Shift+O 已注册
[21:25:38.554] 进入壁纸模式
[21:25:38.667] 扩展样式设置完成 ex=0x80800A0
[21:26:42.281] 全局热键 Ctrl+Shift+O 已注册
[15:56:12.274] 全局热键 Ctrl+Shift+O 已注册
[16:05:34.813] 全局热键 Ctrl+Shift+O 已注册
[16:09:51.483] 全局热键 Ctrl+Shift+O 已注册
[16:11:58.804] 全局热键 Ctrl+Shift+O 已注册
[16:12:24.316] 全局热键 Ctrl+Shift+O 已注册
[16:14:06.514] 全局热键 Ctrl+Shift+O 已注册
[16:16:19.539] 全局热键 Ctrl+Shift+O 已注册
[16:21:12.888] 全局热键 Ctrl+Shift+O 已注册
[16:25:13.302] 全局热键 Ctrl+Shift+O 已注册
[16:32:14.367] 全局热键 Ctrl+Shift+O 已注册
[16:36:34.610] 全局热键 Ctrl+Shift+O 已注册
[16:39:16.818] 全局热键 Ctrl+Shift+O 已注册
[16:45:56.744] 全局热键 Ctrl+Shift+O 已注册
[16:56:30.237] 全局热键 Ctrl+Shift+O 已注册
[17:11:48.627] 全局热键 Ctrl+Shift+O 已注册
[17:14:54.711] 全局热键 Ctrl+Shift+O 已注册
[17:20:08.344] 全局热键 Ctrl+Shift+O 已注册
[17:35:36.546] 全局热键 Ctrl+Shift+O 已注册
[17:40:41.080] 全局热键 Ctrl+Shift+O 已注册
[17:43:39.319] 全局热键 Ctrl+Shift+O 已注册
[17:51:14.261] 全局热键 Ctrl+Shift+O 已注册
[17:54:26.761] 全局热键 Ctrl+Shift+O 已注册
[18:04:40.012] 全局热键 Ctrl+Shift+O 已注册
[18:09:35.616] 全局热键 Ctrl+Shift+O 已注册
[18:16:02.299] 全局热键 Ctrl+Shift+O 已注册
[18:23:43.991] 全局热键 Ctrl+Shift+O 已注册
[18:27:26.050] 全局热键 Ctrl+Shift+O 已注册
[18:36:53.578] 全局热键 Ctrl+Shift+O 已注册
[18:48:55.332] 全局热键 Ctrl+Shift+O 已注册
[19:13:53.642] 全局热键 Ctrl+Shift+O 已注册
[19:22:23.930] 全局热键 Ctrl+Shift+O 已注册
[19:27:19.228] 全局热键 Ctrl+Shift+O 已注册
[19:30:04.866] 全局热键 Ctrl+Shift+O 已注册
[19:32:25.558] 全局热键 Ctrl+Shift+O 已注册
[19:48:52.984] 全局热键 Ctrl+Shift+O 已注册
[19:50:17.117] 进入壁纸模式
[19:50:17.244] 扩展样式设置完成 ex=0x80800A0
[19:51:09.587] 屏幕锁定，停止壁纸资源
[16:50:53.462] 全局热键 Ctrl+Shift+O 已注册
[17:16:48.792] 全局热键 Ctrl+Shift+O 已注册
[18:06:46.544] 全局热键 Ctrl+Shift+O 已注册
[18:59:55.835] 全局热键 Ctrl+Shift+O 已注册
[19:09:50.463] 全局热键 Ctrl+Shift+O 已注册
[19:27:57.715] 全局热键 Ctrl+Shift+O 已注册
[19:29:58.961] 全局热键 Ctrl+Shift+O 已注册
[19:32:17.062] 全局热键 Ctrl+Shift+O 已注册
[20:04:00.376] 全局热键 Ctrl+Shift+O 已注册
[13:50:14.373] 全局热键 Ctrl+Shift+O 已注册
